2026-01-16 12:37:54 INFO  BaseTest:92 - Log4j initialized for this run: 2026_01_16_12-37-54
2026-01-16 12:37:54 INFO  BaseTest:64 - Browser initialize
2026-01-16 12:38:11 INFO  BaseTest:25 - Entering Credentials
2026-01-16 12:38:11 INFO  BaseTest:171 - Entering Text
2026-01-16 12:38:14 INFO  BaseTest:171 - Entering Text
2026-01-16 12:38:16 INFO  BaseTest:32 - Element Clicked
2026-01-16 12:38:18 INFO  BaseTest:44 - Element Clicked
2026-01-16 12:38:23 INFO  BaseTest:31 - Apply Leave Test start
2026-01-16 12:38:23 INFO  BaseTest:32 - Start date: 1-1-2026
2026-01-16 12:38:23 INFO  BaseTest:33 - End date: 31-12-2026
2026-01-16 12:38:23 INFO  BaseTest:44 - Element Clicked
2026-01-16 12:38:28 INFO  BaseTest:171 - Entering Text
2026-01-16 12:38:30 INFO  BaseTest:101 - Pressing key: ArrowDown
2026-01-16 12:38:32 INFO  BaseTest:103 - Successfully pressed key: ArrowDown
2026-01-16 12:38:32 INFO  BaseTest:101 - Pressing key: Enter
2026-01-16 12:38:34 INFO  BaseTest:103 - Successfully pressed key: Enter
2026-01-16 12:38:34 INFO  BaseTest:44 - Element Clicked
2026-01-16 12:38:36 INFO  BaseTest:32 - Element Clicked
2026-01-16 12:38:38 INFO  BaseTest:44 - Element Clicked
2026-01-16 12:38:40 INFO  BaseTest:171 - Entering Text
2026-01-16 12:38:42 INFO  BaseTest:44 - Element Clicked
2026-01-16 12:38:44 INFO  BaseTest:101 - Pressing key: Control+A
2026-01-16 12:38:46 INFO  BaseTest:103 - Successfully pressed key: Control+A
2026-01-16 12:38:46 INFO  BaseTest:101 - Pressing key: Backspace
2026-01-16 12:38:48 INFO  BaseTest:103 - Successfully pressed key: Backspace
2026-01-16 12:38:48 INFO  BaseTest:171 - Entering Text
2026-01-16 12:38:50 INFO  BaseTest:44 - Element Clicked
