2026-01-16 14:43:44 INFO  BaseTest:92 - Log4j initialized for this run: 2026_01_16_14-43-44
2026-01-16 14:43:44 INFO  BaseTest:64 - Browser initialize
2026-01-16 14:44:10 INFO  BaseTest:25 - Entering Credentials
2026-01-16 14:44:10 INFO  BaseTest:171 - Entering Text
2026-01-16 14:44:12 INFO  BaseTest:171 - Entering Text
2026-01-16 14:44:14 INFO  BaseTest:32 - Element Clicked
2026-01-16 14:44:16 INFO  BaseTest:44 - Element Clicked
2026-01-16 14:44:20 INFO  BaseTest:32 - Apply Leave Test start
2026-01-16 14:44:20 INFO  BaseTest:33 - Start date: 2026-1-1
2026-01-16 14:44:20 INFO  BaseTest:34 - End date: 2026-31-12
2026-01-16 14:44:21 INFO  BaseTest:44 - Element Clicked
2026-01-16 14:44:23 INFO  BaseTest:171 - Entering Text
2026-01-16 14:44:25 INFO  BaseTest:101 - Pressing key: ArrowDown
2026-01-16 14:44:27 INFO  BaseTest:103 - Successfully pressed key: ArrowDown
2026-01-16 14:44:27 INFO  BaseTest:101 - Pressing key: Enter
2026-01-16 14:44:29 INFO  BaseTest:103 - Successfully pressed key: Enter
2026-01-16 14:44:29 INFO  BaseTest:44 - Element Clicked
2026-01-16 14:44:31 INFO  BaseTest:32 - Element Clicked
2026-01-16 14:44:34 INFO  BaseTest:44 - Element Clicked
2026-01-16 14:44:36 INFO  BaseTest:171 - Entering Text
2026-01-16 14:44:38 INFO  BaseTest:44 - Element Clicked
2026-01-16 14:44:40 INFO  BaseTest:101 - Pressing key: Control+A
2026-01-16 14:44:42 INFO  BaseTest:103 - Successfully pressed key: Control+A
2026-01-16 14:44:42 INFO  BaseTest:101 - Pressing key: Backspace
2026-01-16 14:44:44 INFO  BaseTest:103 - Successfully pressed key: Backspace
2026-01-16 14:44:44 INFO  BaseTest:171 - Entering Text
2026-01-16 14:44:46 INFO  BaseTest:44 - Element Clicked
2026-01-16 14:44:54 INFO  BaseTest:51 - Leave Assigned successfully
