2026-02-09 15:07:53 INFO  BaseTest:92 - Log4j initialized for this run: 2026_02_09_15-07-53
2026-02-09 15:07:53 INFO  BaseTest:64 - Browser initialize
2026-02-09 15:08:15 INFO  BaseTest:25 - Entering Credentials
2026-02-09 15:08:15 INFO  BaseTest:171 - Entering Text
2026-02-09 15:08:20 INFO  BaseTest:171 - Entering Text
2026-02-09 15:08:22 INFO  BaseTest:32 - Element Clicked
2026-02-09 15:08:36 INFO  BaseTest:44 - Element Clicked
2026-02-09 15:08:59 INFO  BaseTest:32 - Apply Leave Test start
2026-02-09 15:08:59 INFO  BaseTest:33 - Start date: 2026-1-1
2026-02-09 15:08:59 INFO  BaseTest:34 - End date: 2026-31-12
2026-02-09 15:09:02 INFO  BaseTest:44 - Element Clicked
2026-02-09 15:09:25 INFO  BaseTest:171 - Entering Text
2026-02-09 15:09:30 INFO  BaseTest:101 - Pressing key: ArrowDown
2026-02-09 15:09:32 INFO  BaseTest:103 - Successfully pressed key: ArrowDown
2026-02-09 15:09:32 INFO  BaseTest:101 - Pressing key: Enter
2026-02-09 15:09:34 INFO  BaseTest:103 - Successfully pressed key: Enter
2026-02-09 15:09:34 INFO  BaseTest:44 - Element Clicked
2026-02-09 15:09:36 INFO  BaseTest:44 - Element Clicked
2026-02-09 15:09:38 INFO  BaseTest:171 - Entering Text
2026-02-09 15:09:40 INFO  BaseTest:44 - Element Clicked
2026-02-09 15:09:42 INFO  BaseTest:101 - Pressing key: Control+A
2026-02-09 15:09:44 INFO  BaseTest:103 - Successfully pressed key: Control+A
2026-02-09 15:09:44 INFO  BaseTest:101 - Pressing key: Backspace
2026-02-09 15:09:46 INFO  BaseTest:103 - Successfully pressed key: Backspace
2026-02-09 15:09:46 INFO  BaseTest:171 - Entering Text
2026-02-09 15:09:48 INFO  BaseTest:44 - Element Clicked
2026-02-09 15:10:20 INFO  BaseTest:78 - Closing browser
