2026-01-16 15:27:59 INFO  BaseTest:92 - Log4j initialized for this run: 2026_01_16_15-27-59
2026-01-16 15:27:59 INFO  BaseTest:64 - Browser initialize
2026-01-16 15:28:26 INFO  BaseTest:25 - Entering Credentials
2026-01-16 15:28:26 INFO  BaseTest:171 - Entering Text
2026-01-16 15:28:29 INFO  BaseTest:171 - Entering Text
2026-01-16 15:28:31 INFO  BaseTest:32 - Element Clicked
2026-01-16 15:28:37 INFO  BaseTest:44 - Element Clicked
2026-01-16 15:28:41 INFO  BaseTest:32 - Apply Leave Test start
2026-01-16 15:28:41 INFO  BaseTest:33 - Start date: 2026-1-1
2026-01-16 15:28:41 INFO  BaseTest:34 - End date: 2026-31-12
2026-01-16 15:28:41 INFO  BaseTest:44 - Element Clicked
2026-01-16 15:28:46 INFO  BaseTest:171 - Entering Text
2026-01-16 15:28:48 INFO  BaseTest:101 - Pressing key: ArrowDown
2026-01-16 15:28:50 INFO  BaseTest:103 - Successfully pressed key: ArrowDown
2026-01-16 15:28:50 INFO  BaseTest:101 - Pressing key: Enter
2026-01-16 15:28:52 INFO  BaseTest:103 - Successfully pressed key: Enter
2026-01-16 15:28:52 INFO  BaseTest:44 - Element Clicked
2026-01-16 15:28:54 INFO  BaseTest:32 - Element Clicked
2026-01-16 15:28:56 INFO  BaseTest:44 - Element Clicked
2026-01-16 15:28:58 INFO  BaseTest:171 - Entering Text
2026-01-16 15:29:01 INFO  BaseTest:44 - Element Clicked
2026-01-16 15:29:03 INFO  BaseTest:101 - Pressing key: Control+A
2026-01-16 15:29:05 INFO  BaseTest:103 - Successfully pressed key: Control+A
2026-01-16 15:29:05 INFO  BaseTest:101 - Pressing key: Backspace
2026-01-16 15:29:07 INFO  BaseTest:103 - Successfully pressed key: Backspace
2026-01-16 15:29:07 INFO  BaseTest:171 - Entering Text
2026-01-16 15:29:09 INFO  BaseTest:44 - Element Clicked
