2026-01-16 15:30:26 INFO  BaseTest:92 - Log4j initialized for this run: 2026_01_16_15-30-26
2026-01-16 15:30:26 INFO  BaseTest:64 - Browser initialize
2026-01-16 15:31:06 INFO  BaseTest:25 - Entering Credentials
2026-01-16 15:31:06 INFO  BaseTest:171 - Entering Text
2026-01-16 15:31:12 INFO  BaseTest:171 - Entering Text
2026-01-16 15:31:15 INFO  BaseTest:32 - Element Clicked
2026-01-16 15:31:24 INFO  BaseTest:44 - Element Clicked
2026-01-16 15:31:39 INFO  BaseTest:32 - Apply Leave Test start
2026-01-16 15:31:39 INFO  BaseTest:33 - Start date: 2026-1-1
2026-01-16 15:31:39 INFO  BaseTest:34 - End date: 2026-31-12
2026-01-16 15:31:42 INFO  BaseTest:44 - Element Clicked
2026-01-16 15:31:54 INFO  BaseTest:171 - Entering Text
2026-01-16 15:31:56 INFO  BaseTest:101 - Pressing key: ArrowDown
2026-01-16 15:31:58 INFO  BaseTest:103 - Successfully pressed key: ArrowDown
2026-01-16 15:31:58 INFO  BaseTest:101 - Pressing key: Enter
2026-01-16 15:32:00 INFO  BaseTest:103 - Successfully pressed key: Enter
2026-01-16 15:32:00 INFO  BaseTest:44 - Element Clicked
2026-01-16 15:32:02 INFO  BaseTest:32 - Element Clicked
2026-01-16 15:32:04 INFO  BaseTest:44 - Element Clicked
2026-01-16 15:32:07 INFO  BaseTest:171 - Entering Text
2026-01-16 15:32:09 INFO  BaseTest:44 - Element Clicked
2026-01-16 15:32:11 INFO  BaseTest:101 - Pressing key: Control+A
2026-01-16 15:32:13 INFO  BaseTest:103 - Successfully pressed key: Control+A
2026-01-16 15:32:13 INFO  BaseTest:101 - Pressing key: Backspace
2026-01-16 15:32:15 INFO  BaseTest:103 - Successfully pressed key: Backspace
2026-01-16 15:32:15 INFO  BaseTest:171 - Entering Text
2026-01-16 15:32:17 INFO  BaseTest:44 - Element Clicked
