2026-01-16 12:55:47 INFO  BaseTest:92 - Log4j initialized for this run: 2026_01_16_12-55-47
2026-01-16 12:55:47 INFO  BaseTest:64 - Browser initialize
2026-01-16 12:56:12 INFO  BaseTest:25 - Entering Credentials
2026-01-16 12:56:12 INFO  BaseTest:171 - Entering Text
2026-01-16 12:56:14 INFO  BaseTest:171 - Entering Text
2026-01-16 12:56:16 INFO  BaseTest:32 - Element Clicked
2026-01-16 12:56:18 INFO  BaseTest:44 - Element Clicked
2026-01-16 12:56:22 INFO  BaseTest:32 - Apply Leave Test start
2026-01-16 12:56:22 INFO  BaseTest:33 - Start date: 1-1-2026
2026-01-16 12:56:22 INFO  BaseTest:34 - End date: 31-12-2026
2026-01-16 12:56:22 INFO  BaseTest:44 - Element Clicked
2026-01-16 12:56:25 INFO  BaseTest:171 - Entering Text
2026-01-16 12:56:27 INFO  BaseTest:101 - Pressing key: ArrowDown
2026-01-16 12:56:29 INFO  BaseTest:103 - Successfully pressed key: ArrowDown
2026-01-16 12:56:29 INFO  BaseTest:101 - Pressing key: Enter
2026-01-16 12:56:31 INFO  BaseTest:103 - Successfully pressed key: Enter
2026-01-16 12:56:31 INFO  BaseTest:44 - Element Clicked
2026-01-16 12:56:33 INFO  BaseTest:32 - Element Clicked
2026-01-16 12:56:35 INFO  BaseTest:44 - Element Clicked
2026-01-16 12:56:37 INFO  BaseTest:171 - Entering Text
2026-01-16 12:56:39 INFO  BaseTest:44 - Element Clicked
2026-01-16 12:56:41 INFO  BaseTest:101 - Pressing key: Control+A
2026-01-16 12:56:43 INFO  BaseTest:103 - Successfully pressed key: Control+A
2026-01-16 12:56:43 INFO  BaseTest:101 - Pressing key: Backspace
2026-01-16 12:56:45 INFO  BaseTest:103 - Successfully pressed key: Backspace
2026-01-16 12:56:45 INFO  BaseTest:171 - Entering Text
2026-01-16 12:56:47 INFO  BaseTest:44 - Element Clicked
2026-01-16 12:56:55 INFO  BaseTest:51 - Leave Assigned successfully
