2026-01-16 13:01:02 INFO  BaseTest:92 - Log4j initialized for this run: 2026_01_16_13-01-02
2026-01-16 13:01:02 INFO  BaseTest:64 - Browser initialize
2026-01-16 13:01:16 INFO  BaseTest:25 - Entering Credentials
2026-01-16 13:01:16 INFO  BaseTest:171 - Entering Text
2026-01-16 13:01:18 INFO  BaseTest:171 - Entering Text
2026-01-16 13:01:19 INFO  BaseTest:32 - Element Clicked
2026-01-16 13:01:21 INFO  BaseTest:44 - Element Clicked
2026-01-16 13:01:24 INFO  BaseTest:32 - Apply Leave Test start
2026-01-16 13:01:24 INFO  BaseTest:33 - Start date: 1-1-2026
2026-01-16 13:01:24 INFO  BaseTest:34 - End date: 31-12-2026
2026-01-16 13:01:24 INFO  BaseTest:44 - Element Clicked
2026-01-16 13:01:26 INFO  BaseTest:171 - Entering Text
2026-01-16 13:01:27 INFO  BaseTest:101 - Pressing key: ArrowDown
2026-01-16 13:01:28 INFO  BaseTest:103 - Successfully pressed key: ArrowDown
2026-01-16 13:01:28 INFO  BaseTest:101 - Pressing key: Enter
2026-01-16 13:01:29 INFO  BaseTest:103 - Successfully pressed key: Enter
2026-01-16 13:01:29 INFO  BaseTest:44 - Element Clicked
2026-01-16 13:01:30 INFO  BaseTest:32 - Element Clicked
2026-01-16 13:01:31 INFO  BaseTest:44 - Element Clicked
2026-01-16 13:01:32 INFO  BaseTest:171 - Entering Text
2026-01-16 13:01:33 INFO  BaseTest:44 - Element Clicked
2026-01-16 13:01:34 INFO  BaseTest:101 - Pressing key: Control+A
2026-01-16 13:01:35 INFO  BaseTest:103 - Successfully pressed key: Control+A
2026-01-16 13:01:35 INFO  BaseTest:101 - Pressing key: Backspace
2026-01-16 13:01:36 INFO  BaseTest:103 - Successfully pressed key: Backspace
2026-01-16 13:01:36 INFO  BaseTest:171 - Entering Text
2026-01-16 13:01:37 INFO  BaseTest:44 - Element Clicked
