2026-01-16 12:49:09 INFO  BaseTest:92 - Log4j initialized for this run: 2026_01_16_12-49-09
2026-01-16 12:49:09 INFO  BaseTest:64 - Browser initialize
2026-01-16 12:49:40 INFO  BaseTest:25 - Entering Credentials
2026-01-16 12:49:40 INFO  BaseTest:171 - Entering Text
2026-01-16 12:49:45 INFO  BaseTest:171 - Entering Text
2026-01-16 12:49:47 INFO  BaseTest:32 - Element Clicked
2026-01-16 12:49:52 INFO  BaseTest:44 - Element Clicked
2026-01-16 12:49:57 INFO  BaseTest:32 - Apply Leave Test start
2026-01-16 12:49:57 INFO  BaseTest:33 - Start date: 1-1-2026
2026-01-16 12:49:57 INFO  BaseTest:34 - End date: 31-12-2026
2026-01-16 12:49:57 INFO  BaseTest:44 - Element Clicked
2026-01-16 12:49:59 INFO  BaseTest:171 - Entering Text
2026-01-16 12:50:01 INFO  BaseTest:101 - Pressing key: ArrowDown
2026-01-16 12:50:03 INFO  BaseTest:103 - Successfully pressed key: ArrowDown
2026-01-16 12:50:03 INFO  BaseTest:101 - Pressing key: Enter
2026-01-16 12:50:05 INFO  BaseTest:103 - Successfully pressed key: Enter
2026-01-16 12:50:05 INFO  BaseTest:44 - Element Clicked
2026-01-16 12:50:08 INFO  BaseTest:32 - Element Clicked
2026-01-16 12:50:10 INFO  BaseTest:44 - Element Clicked
2026-01-16 12:50:12 INFO  BaseTest:171 - Entering Text
2026-01-16 12:50:14 INFO  BaseTest:44 - Element Clicked
2026-01-16 12:50:16 INFO  BaseTest:101 - Pressing key: Control+A
2026-01-16 12:50:18 INFO  BaseTest:103 - Successfully pressed key: Control+A
2026-01-16 12:50:18 INFO  BaseTest:101 - Pressing key: Backspace
2026-01-16 12:50:20 INFO  BaseTest:103 - Successfully pressed key: Backspace
2026-01-16 12:50:20 INFO  BaseTest:171 - Entering Text
2026-01-16 12:50:22 INFO  BaseTest:44 - Element Clicked
