2026-01-16 15:39:56 INFO  BaseTest:92 - Log4j initialized for this run: 2026_01_16_15-39-55
2026-01-16 15:39:56 INFO  BaseTest:64 - Browser initialize
2026-01-16 15:40:30 INFO  BaseTest:25 - Entering Credentials
2026-01-16 15:40:30 INFO  BaseTest:171 - Entering Text
2026-01-16 15:40:36 INFO  BaseTest:171 - Entering Text
2026-01-16 15:40:38 INFO  BaseTest:32 - Element Clicked
2026-01-16 15:40:54 INFO  BaseTest:44 - Element Clicked
2026-01-16 15:41:06 INFO  BaseTest:32 - Apply Leave Test start
2026-01-16 15:41:06 INFO  BaseTest:33 - Start date: 2026-1-1
2026-01-16 15:41:06 INFO  BaseTest:34 - End date: 2026-31-12
2026-01-16 15:41:07 INFO  BaseTest:44 - Element Clicked
2026-01-16 15:41:16 INFO  BaseTest:171 - Entering Text
2026-01-16 15:41:18 INFO  BaseTest:101 - Pressing key: ArrowDown
2026-01-16 15:41:20 INFO  BaseTest:103 - Successfully pressed key: ArrowDown
2026-01-16 15:41:20 INFO  BaseTest:101 - Pressing key: Enter
2026-01-16 15:41:22 INFO  BaseTest:103 - Successfully pressed key: Enter
2026-01-16 15:41:22 INFO  BaseTest:44 - Element Clicked
2026-01-16 15:41:24 INFO  BaseTest:32 - Element Clicked
2026-01-16 15:41:26 INFO  BaseTest:44 - Element Clicked
2026-01-16 15:41:28 INFO  BaseTest:171 - Entering Text
2026-01-16 15:41:30 INFO  BaseTest:44 - Element Clicked
2026-01-16 15:41:32 INFO  BaseTest:101 - Pressing key: Control+A
2026-01-16 15:41:34 INFO  BaseTest:103 - Successfully pressed key: Control+A
2026-01-16 15:41:34 INFO  BaseTest:101 - Pressing key: Backspace
2026-01-16 15:41:36 INFO  BaseTest:103 - Successfully pressed key: Backspace
2026-01-16 15:41:36 INFO  BaseTest:171 - Entering Text
2026-01-16 15:41:38 INFO  BaseTest:44 - Element Clicked
