2026-01-16 14:41:40 INFO  BaseTest:92 - Log4j initialized for this run: 2026_01_16_14-41-40
2026-01-16 14:41:40 INFO  BaseTest:64 - Browser initialize
2026-01-16 14:42:18 INFO  BaseTest:25 - Entering Credentials
2026-01-16 14:42:18 INFO  BaseTest:171 - Entering Text
2026-01-16 14:42:20 INFO  BaseTest:171 - Entering Text
2026-01-16 14:42:22 INFO  BaseTest:32 - Element Clicked
2026-01-16 14:42:24 INFO  BaseTest:44 - Element Clicked
2026-01-16 14:42:29 INFO  BaseTest:32 - Apply Leave Test start
2026-01-16 14:42:29 INFO  BaseTest:33 - Start date: 2026-1-1
2026-01-16 14:42:29 INFO  BaseTest:34 - End date: 2026-31-12
2026-01-16 14:42:29 INFO  BaseTest:44 - Element Clicked
2026-01-16 14:42:32 INFO  BaseTest:171 - Entering Text
2026-01-16 14:42:34 INFO  BaseTest:101 - Pressing key: ArrowDown
2026-01-16 14:42:36 INFO  BaseTest:103 - Successfully pressed key: ArrowDown
2026-01-16 14:42:36 INFO  BaseTest:101 - Pressing key: Enter
2026-01-16 14:42:38 INFO  BaseTest:103 - Successfully pressed key: Enter
2026-01-16 14:42:38 INFO  BaseTest:44 - Element Clicked
2026-01-16 14:42:40 INFO  BaseTest:32 - Element Clicked
2026-01-16 14:42:42 INFO  BaseTest:44 - Element Clicked
2026-01-16 14:42:44 INFO  BaseTest:171 - Entering Text
2026-01-16 14:42:46 INFO  BaseTest:44 - Element Clicked
2026-01-16 14:42:48 INFO  BaseTest:101 - Pressing key: Control+A
2026-01-16 14:42:50 INFO  BaseTest:103 - Successfully pressed key: Control+A
2026-01-16 14:42:50 INFO  BaseTest:101 - Pressing key: Backspace
2026-01-16 14:42:52 INFO  BaseTest:103 - Successfully pressed key: Backspace
2026-01-16 14:42:52 INFO  BaseTest:171 - Entering Text
2026-01-16 14:42:54 INFO  BaseTest:44 - Element Clicked
2026-01-16 14:43:02 INFO  BaseTest:51 - Leave Assigned successfully
