2026-01-16 15:32:43 INFO  BaseTest:92 - Log4j initialized for this run: 2026_01_16_15-32-43
2026-01-16 15:32:43 INFO  BaseTest:64 - Browser initialize
2026-01-16 15:33:11 INFO  BaseTest:25 - Entering Credentials
2026-01-16 15:33:11 INFO  BaseTest:171 - Entering Text
2026-01-16 15:33:15 INFO  BaseTest:171 - Entering Text
2026-01-16 15:33:17 INFO  BaseTest:32 - Element Clicked
2026-01-16 15:33:27 INFO  BaseTest:44 - Element Clicked
2026-01-16 15:33:35 INFO  BaseTest:32 - Apply Leave Test start
2026-01-16 15:33:35 INFO  BaseTest:33 - Start date: 2026-1-1
2026-01-16 15:33:35 INFO  BaseTest:34 - End date: 2026-31-12
2026-01-16 15:33:36 INFO  BaseTest:44 - Element Clicked
2026-01-16 15:33:42 INFO  BaseTest:171 - Entering Text
2026-01-16 15:33:44 INFO  BaseTest:101 - Pressing key: ArrowDown
2026-01-16 15:33:46 INFO  BaseTest:103 - Successfully pressed key: ArrowDown
2026-01-16 15:33:46 INFO  BaseTest:101 - Pressing key: Enter
2026-01-16 15:33:48 INFO  BaseTest:103 - Successfully pressed key: Enter
2026-01-16 15:33:48 INFO  BaseTest:44 - Element Clicked
2026-01-16 15:33:50 INFO  BaseTest:32 - Element Clicked
2026-01-16 15:33:52 INFO  BaseTest:44 - Element Clicked
2026-01-16 15:33:54 INFO  BaseTest:171 - Entering Text
2026-01-16 15:33:56 INFO  BaseTest:44 - Element Clicked
2026-01-16 15:33:58 INFO  BaseTest:101 - Pressing key: Control+A
2026-01-16 15:34:00 INFO  BaseTest:103 - Successfully pressed key: Control+A
2026-01-16 15:34:00 INFO  BaseTest:101 - Pressing key: Backspace
2026-01-16 15:34:02 INFO  BaseTest:103 - Successfully pressed key: Backspace
2026-01-16 15:34:02 INFO  BaseTest:171 - Entering Text
2026-01-16 15:34:04 INFO  BaseTest:44 - Element Clicked
2026-01-16 15:34:13 INFO  BaseTest:51 - Leave Assigned successfully
