2026-01-16 14:56:02 INFO  BaseTest:92 - Log4j initialized for this run: 2026_01_16_14-56-02
2026-01-16 14:56:02 INFO  BaseTest:64 - Browser initialize
2026-01-16 14:56:25 INFO  BaseTest:25 - Entering Credentials
2026-01-16 14:56:25 INFO  BaseTest:171 - Entering Text
2026-01-16 14:56:27 INFO  BaseTest:171 - Entering Text
2026-01-16 14:56:29 INFO  BaseTest:32 - Element Clicked
2026-01-16 14:56:32 INFO  BaseTest:44 - Element Clicked
2026-01-16 14:56:36 INFO  BaseTest:32 - Apply Leave Test start
2026-01-16 14:56:36 INFO  BaseTest:33 - Start date: 2026-1-1
2026-01-16 14:56:36 INFO  BaseTest:34 - End date: 2026-31-12
2026-01-16 14:56:36 INFO  BaseTest:44 - Element Clicked
2026-01-16 14:56:38 INFO  BaseTest:171 - Entering Text
2026-01-16 14:56:40 INFO  BaseTest:101 - Pressing key: ArrowDown
2026-01-16 14:56:42 INFO  BaseTest:103 - Successfully pressed key: ArrowDown
2026-01-16 14:56:42 INFO  BaseTest:101 - Pressing key: Enter
2026-01-16 14:56:44 INFO  BaseTest:103 - Successfully pressed key: Enter
2026-01-16 14:56:45 INFO  BaseTest:44 - Element Clicked
2026-01-16 14:56:47 INFO  BaseTest:32 - Element Clicked
2026-01-16 14:56:49 INFO  BaseTest:44 - Element Clicked
2026-01-16 14:56:51 INFO  BaseTest:171 - Entering Text
2026-01-16 14:56:53 INFO  BaseTest:44 - Element Clicked
2026-01-16 14:56:55 INFO  BaseTest:101 - Pressing key: Control+A
2026-01-16 14:56:57 INFO  BaseTest:103 - Successfully pressed key: Control+A
2026-01-16 14:56:57 INFO  BaseTest:101 - Pressing key: Backspace
2026-01-16 14:56:59 INFO  BaseTest:103 - Successfully pressed key: Backspace
2026-01-16 14:56:59 INFO  BaseTest:171 - Entering Text
2026-01-16 14:57:01 INFO  BaseTest:44 - Element Clicked
2026-01-16 14:57:09 INFO  BaseTest:51 - Leave Assigned successfully
