2026-01-16 16:09:53 INFO  BaseTest:92 - Log4j initialized for this run: 2026_01_16_16-09-53
2026-01-16 16:09:53 INFO  BaseTest:64 - Browser initialize
2026-01-16 16:10:31 INFO  BaseTest:25 - Entering Credentials
2026-01-16 16:10:31 INFO  BaseTest:171 - Entering Text
2026-01-16 16:10:33 INFO  BaseTest:171 - Entering Text
2026-01-16 16:10:35 INFO  BaseTest:32 - Element Clicked
2026-01-16 16:10:37 INFO  BaseTest:44 - Element Clicked
2026-01-16 16:10:41 INFO  BaseTest:32 - Apply Leave Test start
2026-01-16 16:10:41 INFO  BaseTest:33 - Start date: 2026-1-1
2026-01-16 16:10:41 INFO  BaseTest:34 - End date: 2026-31-12
2026-01-16 16:10:41 INFO  BaseTest:44 - Element Clicked
2026-01-16 16:10:43 INFO  BaseTest:171 - Entering Text
2026-01-16 16:10:45 INFO  BaseTest:101 - Pressing key: ArrowDown
2026-01-16 16:10:47 INFO  BaseTest:103 - Successfully pressed key: ArrowDown
2026-01-16 16:10:47 INFO  BaseTest:101 - Pressing key: Enter
2026-01-16 16:10:49 INFO  BaseTest:103 - Successfully pressed key: Enter
2026-01-16 16:10:49 INFO  BaseTest:44 - Element Clicked
2026-01-16 16:10:52 INFO  BaseTest:32 - Element Clicked
2026-01-16 16:10:54 INFO  BaseTest:44 - Element Clicked
2026-01-16 16:10:56 INFO  BaseTest:171 - Entering Text
2026-01-16 16:10:58 INFO  BaseTest:44 - Element Clicked
2026-01-16 16:11:00 INFO  BaseTest:101 - Pressing key: Control+A
2026-01-16 16:11:02 INFO  BaseTest:103 - Successfully pressed key: Control+A
2026-01-16 16:11:02 INFO  BaseTest:101 - Pressing key: Backspace
2026-01-16 16:11:04 INFO  BaseTest:103 - Successfully pressed key: Backspace
2026-01-16 16:11:04 INFO  BaseTest:171 - Entering Text
2026-01-16 16:11:06 INFO  BaseTest:44 - Element Clicked
2026-01-16 16:11:14 INFO  BaseTest:51 - Leave Assigned successfully
