2026-01-19 08:35:12 INFO  BaseTest:92 - Log4j initialized for this run: 2026_01_19_08-35-12
2026-01-19 08:35:12 INFO  BaseTest:64 - Browser initialize
2026-01-19 08:35:37 INFO  BaseTest:25 - Entering Credentials
2026-01-19 08:35:37 INFO  BaseTest:171 - Entering Text
2026-01-19 08:35:39 INFO  BaseTest:171 - Entering Text
2026-01-19 08:35:41 INFO  BaseTest:32 - Element Clicked
2026-01-19 08:35:43 INFO  BaseTest:44 - Element Clicked
2026-01-19 08:35:47 INFO  BaseTest:32 - Apply Leave Test start
2026-01-19 08:35:47 INFO  BaseTest:33 - Start date: 2026-1-1
2026-01-19 08:35:47 INFO  BaseTest:34 - End date: 2026-31-12
2026-01-19 08:35:47 INFO  BaseTest:44 - Element Clicked
2026-01-19 08:35:50 INFO  BaseTest:171 - Entering Text
2026-01-19 08:35:52 INFO  BaseTest:101 - Pressing key: ArrowDown
2026-01-19 08:35:54 INFO  BaseTest:103 - Successfully pressed key: ArrowDown
2026-01-19 08:35:54 INFO  BaseTest:101 - Pressing key: Enter
2026-01-19 08:35:56 INFO  BaseTest:103 - Successfully pressed key: Enter
2026-01-19 08:35:56 INFO  BaseTest:44 - Element Clicked
2026-01-19 08:35:58 INFO  BaseTest:32 - Element Clicked
2026-01-19 08:36:00 INFO  BaseTest:44 - Element Clicked
2026-01-19 08:36:02 INFO  BaseTest:171 - Entering Text
2026-01-19 08:36:04 INFO  BaseTest:44 - Element Clicked
2026-01-19 08:36:06 INFO  BaseTest:101 - Pressing key: Control+A
2026-01-19 08:36:08 INFO  BaseTest:103 - Successfully pressed key: Control+A
2026-01-19 08:36:08 INFO  BaseTest:101 - Pressing key: Backspace
2026-01-19 08:36:10 INFO  BaseTest:103 - Successfully pressed key: Backspace
2026-01-19 08:36:10 INFO  BaseTest:171 - Entering Text
2026-01-19 08:36:12 INFO  BaseTest:44 - Element Clicked
2026-01-19 08:36:20 INFO  BaseTest:51 - Leave Assigned successfully
