2026-02-11 11:50:22 INFO  BaseTest:92 - Log4j initialized for this run: 2026_02_11_11-50-22
2026-02-11 11:50:22 INFO  BaseTest:64 - Browser initialize
2026-02-11 11:50:36 INFO  BaseTest:25 - Entering Credentials
2026-02-11 11:50:36 INFO  BaseTest:171 - Entering Text
2026-02-11 11:50:44 INFO  BaseTest:171 - Entering Text
2026-02-11 11:50:46 INFO  BaseTest:32 - Element Clicked
2026-02-11 11:51:01 INFO  BaseTest:44 - Element Clicked
2026-02-11 11:51:17 INFO  BaseTest:32 - Apply Leave Test start
2026-02-11 11:51:17 INFO  BaseTest:33 - Start date: 2026-1-1
2026-02-11 11:51:17 INFO  BaseTest:34 - End date: 2026-31-12
2026-02-11 11:51:21 INFO  BaseTest:44 - Element Clicked
2026-02-11 11:51:34 INFO  BaseTest:171 - Entering Text
2026-02-11 11:51:39 INFO  BaseTest:101 - Pressing key: ArrowDown
2026-02-11 11:51:41 INFO  BaseTest:103 - Successfully pressed key: ArrowDown
2026-02-11 11:51:41 INFO  BaseTest:101 - Pressing key: Enter
2026-02-11 11:51:43 INFO  BaseTest:103 - Successfully pressed key: Enter
2026-02-11 11:51:43 INFO  BaseTest:44 - Element Clicked
2026-02-11 11:51:45 INFO  BaseTest:32 - Element Clicked
2026-02-11 11:51:47 INFO  BaseTest:44 - Element Clicked
2026-02-11 11:51:49 INFO  BaseTest:171 - Entering Text
2026-02-11 11:51:51 INFO  BaseTest:44 - Element Clicked
2026-02-11 11:51:53 INFO  BaseTest:101 - Pressing key: Control+A
2026-02-11 11:51:55 INFO  BaseTest:103 - Successfully pressed key: Control+A
2026-02-11 11:51:55 INFO  BaseTest:101 - Pressing key: Backspace
2026-02-11 11:51:57 INFO  BaseTest:103 - Successfully pressed key: Backspace
2026-02-11 11:51:57 INFO  BaseTest:171 - Entering Text
2026-02-11 11:51:59 INFO  BaseTest:44 - Element Clicked
2026-02-11 11:52:32 INFO  BaseTest:78 - Closing browser
