2026-02-09 16:00:49 INFO  BaseTest:92 - Log4j initialized for this run: 2026_02_09_16-00-49
2026-02-09 16:00:49 INFO  BaseTest:64 - Browser initialize
2026-02-09 16:01:04 INFO  BaseTest:25 - Entering Credentials
2026-02-09 16:01:04 INFO  BaseTest:171 - Entering Text
2026-02-09 16:01:11 INFO  BaseTest:171 - Entering Text
2026-02-09 16:01:13 INFO  BaseTest:32 - Element Clicked
2026-02-09 16:01:44 INFO  BaseTest:44 - Element Clicked
2026-02-09 16:02:09 INFO  BaseTest:32 - Apply Leave Test start
2026-02-09 16:02:09 INFO  BaseTest:33 - Start date: 2026-1-1
2026-02-09 16:02:09 INFO  BaseTest:34 - End date: 2026-31-12
2026-02-09 16:02:15 INFO  BaseTest:44 - Element Clicked
2026-02-09 16:02:34 INFO  BaseTest:171 - Entering Text
2026-02-09 16:02:39 INFO  BaseTest:101 - Pressing key: ArrowDown
2026-02-09 16:02:41 INFO  BaseTest:103 - Successfully pressed key: ArrowDown
2026-02-09 16:02:41 INFO  BaseTest:101 - Pressing key: Enter
2026-02-09 16:02:43 INFO  BaseTest:103 - Successfully pressed key: Enter
2026-02-09 16:02:43 INFO  BaseTest:44 - Element Clicked
2026-02-09 16:02:45 INFO  BaseTest:32 - Element Clicked
2026-02-09 16:02:47 INFO  BaseTest:44 - Element Clicked
2026-02-09 16:02:50 INFO  BaseTest:171 - Entering Text
2026-02-09 16:02:52 INFO  BaseTest:44 - Element Clicked
2026-02-09 16:02:54 INFO  BaseTest:101 - Pressing key: Control+A
2026-02-09 16:02:56 INFO  BaseTest:103 - Successfully pressed key: Control+A
2026-02-09 16:02:56 INFO  BaseTest:101 - Pressing key: Backspace
2026-02-09 16:02:58 INFO  BaseTest:103 - Successfully pressed key: Backspace
2026-02-09 16:02:58 INFO  BaseTest:171 - Entering Text
2026-02-09 16:03:00 INFO  BaseTest:44 - Element Clicked
2026-02-09 16:03:32 INFO  BaseTest:78 - Closing browser
