2026-01-16 15:03:13 INFO  BaseTest:92 - Log4j initialized for this run: 2026_01_16_15-03-13
2026-01-16 15:03:13 INFO  BaseTest:64 - Browser initialize
2026-01-16 15:03:51 INFO  BaseTest:25 - Entering Credentials
2026-01-16 15:03:51 INFO  BaseTest:171 - Entering Text
2026-01-16 15:03:53 INFO  BaseTest:171 - Entering Text
2026-01-16 15:03:55 INFO  BaseTest:32 - Element Clicked
2026-01-16 15:03:59 INFO  BaseTest:44 - Element Clicked
2026-01-16 15:04:02 INFO  BaseTest:32 - Apply Leave Test start
2026-01-16 15:04:02 INFO  BaseTest:33 - Start date: 2026-1-1
2026-01-16 15:04:02 INFO  BaseTest:34 - End date: 2026-31-12
2026-01-16 15:04:02 INFO  BaseTest:44 - Element Clicked
2026-01-16 15:04:05 INFO  BaseTest:171 - Entering Text
2026-01-16 15:04:07 INFO  BaseTest:101 - Pressing key: ArrowDown
2026-01-16 15:04:09 INFO  BaseTest:103 - Successfully pressed key: ArrowDown
2026-01-16 15:04:09 INFO  BaseTest:101 - Pressing key: Enter
2026-01-16 15:04:11 INFO  BaseTest:103 - Successfully pressed key: Enter
2026-01-16 15:04:11 INFO  BaseTest:44 - Element Clicked
2026-01-16 15:04:13 INFO  BaseTest:32 - Element Clicked
2026-01-16 15:04:15 INFO  BaseTest:44 - Element Clicked
2026-01-16 15:04:17 INFO  BaseTest:171 - Entering Text
2026-01-16 15:04:19 INFO  BaseTest:44 - Element Clicked
2026-01-16 15:04:21 INFO  BaseTest:101 - Pressing key: Control+A
2026-01-16 15:04:23 INFO  BaseTest:103 - Successfully pressed key: Control+A
2026-01-16 15:04:23 INFO  BaseTest:101 - Pressing key: Backspace
2026-01-16 15:04:25 INFO  BaseTest:103 - Successfully pressed key: Backspace
2026-01-16 15:04:25 INFO  BaseTest:171 - Entering Text
2026-01-16 15:04:27 INFO  BaseTest:44 - Element Clicked
2026-01-16 15:04:36 INFO  BaseTest:51 - Leave Assigned successfully
