2026-01-16 13:01:51 INFO  BaseTest:92 - Log4j initialized for this run: 2026_01_16_13-01-51
2026-01-16 13:01:51 INFO  BaseTest:64 - Browser initialize
2026-01-16 13:02:12 INFO  BaseTest:25 - Entering Credentials
2026-01-16 13:02:12 INFO  BaseTest:171 - Entering Text
2026-01-16 13:02:14 INFO  BaseTest:171 - Entering Text
2026-01-16 13:02:16 INFO  BaseTest:32 - Element Clicked
2026-01-16 13:02:19 INFO  BaseTest:44 - Element Clicked
2026-01-16 13:02:24 INFO  BaseTest:32 - Apply Leave Test start
2026-01-16 13:02:24 INFO  BaseTest:33 - Start date: 1-1-2026
2026-01-16 13:02:24 INFO  BaseTest:34 - End date: 31-12-2026
2026-01-16 13:02:24 INFO  BaseTest:44 - Element Clicked
2026-01-16 13:02:27 INFO  BaseTest:171 - Entering Text
2026-01-16 13:02:29 INFO  BaseTest:101 - Pressing key: ArrowDown
2026-01-16 13:02:31 INFO  BaseTest:103 - Successfully pressed key: ArrowDown
2026-01-16 13:02:31 INFO  BaseTest:101 - Pressing key: Enter
2026-01-16 13:02:33 INFO  BaseTest:103 - Successfully pressed key: Enter
2026-01-16 13:02:33 INFO  BaseTest:44 - Element Clicked
2026-01-16 13:02:35 INFO  BaseTest:32 - Element Clicked
2026-01-16 13:02:37 INFO  BaseTest:44 - Element Clicked
2026-01-16 13:02:39 INFO  BaseTest:171 - Entering Text
2026-01-16 13:02:41 INFO  BaseTest:44 - Element Clicked
2026-01-16 13:02:43 INFO  BaseTest:101 - Pressing key: Control+A
2026-01-16 13:02:45 INFO  BaseTest:103 - Successfully pressed key: Control+A
2026-01-16 13:02:45 INFO  BaseTest:101 - Pressing key: Backspace
2026-01-16 13:02:47 INFO  BaseTest:103 - Successfully pressed key: Backspace
2026-01-16 13:02:47 INFO  BaseTest:171 - Entering Text
2026-01-16 13:02:49 INFO  BaseTest:44 - Element Clicked
2026-01-16 13:02:59 INFO  BaseTest:51 - Leave Assigned successfully
