2026-01-16 12:53:23 INFO  BaseTest:92 - Log4j initialized for this run: 2026_01_16_12-53-23
2026-01-16 12:53:23 INFO  BaseTest:64 - Browser initialize
2026-01-16 12:53:39 INFO  BaseTest:25 - Entering Credentials
2026-01-16 12:53:39 INFO  BaseTest:171 - Entering Text
2026-01-16 12:53:41 INFO  BaseTest:171 - Entering Text
2026-01-16 12:53:43 INFO  BaseTest:32 - Element Clicked
2026-01-16 12:53:46 INFO  BaseTest:44 - Element Clicked
2026-01-16 12:53:50 INFO  BaseTest:32 - Apply Leave Test start
2026-01-16 12:53:50 INFO  BaseTest:33 - Start date: 1-1-2026
2026-01-16 12:53:50 INFO  BaseTest:34 - End date: 31-12-2026
2026-01-16 12:53:50 INFO  BaseTest:44 - Element Clicked
2026-01-16 12:53:53 INFO  BaseTest:171 - Entering Text
2026-01-16 12:53:55 INFO  BaseTest:101 - Pressing key: ArrowDown
2026-01-16 12:53:57 INFO  BaseTest:103 - Successfully pressed key: ArrowDown
2026-01-16 12:53:57 INFO  BaseTest:101 - Pressing key: Enter
2026-01-16 12:53:59 INFO  BaseTest:103 - Successfully pressed key: Enter
2026-01-16 12:53:59 INFO  BaseTest:44 - Element Clicked
2026-01-16 12:54:01 INFO  BaseTest:32 - Element Clicked
2026-01-16 12:54:03 INFO  BaseTest:44 - Element Clicked
2026-01-16 12:54:05 INFO  BaseTest:171 - Entering Text
2026-01-16 12:54:07 INFO  BaseTest:44 - Element Clicked
2026-01-16 12:54:09 INFO  BaseTest:101 - Pressing key: Control+A
2026-01-16 12:54:11 INFO  BaseTest:103 - Successfully pressed key: Control+A
2026-01-16 12:54:11 INFO  BaseTest:101 - Pressing key: Backspace
2026-01-16 12:54:13 INFO  BaseTest:103 - Successfully pressed key: Backspace
2026-01-16 12:54:13 INFO  BaseTest:171 - Entering Text
2026-01-16 12:54:15 INFO  BaseTest:44 - Element Clicked
