2026-04-27 11:19:34 INFO  BaseTest:92 - Log4j initialized for this run: 2026_04_27_11-19-34
2026-04-27 11:19:34 INFO  BaseTest:64 - Browser initialize
2026-04-27 11:19:54 INFO  BaseTest:36 - Login TestCases started
2026-04-27 11:19:59 INFO  BaseTest:39 - Entered credentials
2026-04-27 11:20:01 INFO  BaseTest:42 - Verify login
2026-04-27 11:20:01 INFO  BaseTest:45 - Login successful
2026-04-27 11:20:01 INFO  BaseTest:312 - Add to Cart Test Start
2026-04-27 11:20:01 INFO  BaseTest:313 - Adding Items to Cart
2026-04-27 11:20:01 INFO  BaseTest:32 - Element Clicked
2026-04-27 11:20:03 INFO  BaseTest:32 - Element Clicked
2026-04-27 11:20:05 INFO  BaseTest:32 - Element Clicked
2026-04-27 11:20:07 INFO  BaseTest:315 - Navigating to Cart Page
2026-04-27 11:20:09 INFO  BaseTest:317 - CheckOut with Ronak Yadav 401209
2026-04-27 11:20:19 INFO  BaseTest:319 - Verifying if the price is 103.65 or not.
2026-04-27 11:20:23 INFO  BaseTest:322 - Add to Cart test Ended
2026-04-27 11:20:27 INFO  BaseTest:57 - Login TestCases ended
2026-04-27 11:20:27 INFO  BaseTest:36 - Login TestCases started
2026-04-27 11:20:31 INFO  BaseTest:39 - Entered credentials
2026-04-27 11:20:34 INFO  BaseTest:42 - Verify login
2026-04-27 11:20:34 INFO  BaseTest:45 - Login successful
2026-04-27 11:20:34 INFO  BaseTest:312 - Add to Cart Test Start
2026-04-27 11:20:34 INFO  BaseTest:313 - Adding Items to Cart
2026-04-27 11:20:34 INFO  BaseTest:32 - Element Clicked
2026-04-27 11:20:36 INFO  BaseTest:32 - Element Clicked
2026-04-27 11:20:38 INFO  BaseTest:32 - Element Clicked
2026-04-27 11:20:40 INFO  BaseTest:315 - Navigating to Cart Page
2026-04-27 11:20:42 INFO  BaseTest:317 - CheckOut with Demo Demo Last Name 401210
2026-04-27 11:20:52 INFO  BaseTest:319 - Verifying if the price is 103.65 or not.
2026-04-27 11:20:56 INFO  BaseTest:322 - Add to Cart test Ended
2026-04-27 11:21:00 INFO  BaseTest:57 - Login TestCases ended
2026-04-27 11:21:00 INFO  BaseTest:78 - Closing browser
