2026-01-07 14:18:09 INFO  BaseTest:82 - Log4j initialized for this run: 2026_01_07_14-18-08
2026-01-07 14:18:09 INFO  BaseTest:56 - Browser initialize
2026-01-07 14:18:24 INFO  BaseTest:36 - Login TestCases started
2026-01-07 14:18:28 INFO  BaseTest:39 - Entered credentials
2026-01-07 14:18:30 INFO  BaseTest:42 - Verify login
2026-01-07 14:18:30 INFO  BaseTest:45 - Login successful
2026-01-07 14:18:30 INFO  BaseTest:270 - Add to Cart Test Start
2026-01-07 14:18:30 INFO  BaseTest:271 - Adding Items to Cart
2026-01-07 14:18:37 INFO  BaseTest:273 - Navigating to Cart Page
2026-01-07 14:18:39 INFO  BaseTest:275 - CheckOut with Ronak Yadav 401209
2026-01-07 14:18:49 INFO  BaseTest:277 - Verifying if the price is 103.65 or not.
2026-01-07 14:18:53 INFO  BaseTest:280 - Add to Cart test Ended
2026-01-07 14:18:57 INFO  BaseTest:57 - Login TestCases ended
2026-01-07 14:18:57 INFO  BaseTest:36 - Login TestCases started
2026-01-07 14:19:01 INFO  BaseTest:39 - Entered credentials
2026-01-07 14:19:03 INFO  BaseTest:42 - Verify login
2026-01-07 14:19:03 INFO  BaseTest:45 - Login successful
2026-01-07 14:19:03 INFO  BaseTest:270 - Add to Cart Test Start
2026-01-07 14:19:03 INFO  BaseTest:271 - Adding Items to Cart
2026-01-07 14:19:09 INFO  BaseTest:273 - Navigating to Cart Page
2026-01-07 14:19:11 INFO  BaseTest:275 - CheckOut with Demo Demo Last Name 401210
2026-01-07 14:19:21 INFO  BaseTest:277 - Verifying if the price is 103.65 or not.
2026-01-07 14:19:26 INFO  BaseTest:280 - Add to Cart test Ended
2026-01-07 14:19:30 INFO  BaseTest:57 - Login TestCases ended
2026-01-07 14:19:30 INFO  BaseTest:68 - Closing browser
