2026-01-07 12:43:43 INFO  BaseTest:82 - Log4j initialized for this run: 2026_01_07_12-43-43
2026-01-07 12:43:43 INFO  BaseTest:56 - Browser initialize
2026-01-07 12:44:03 INFO  BaseTest:36 - Login TestCases started
2026-01-07 12:44:07 INFO  BaseTest:39 - Entered credentials
2026-01-07 12:44:10 INFO  BaseTest:42 - Verify login
2026-01-07 12:44:10 INFO  BaseTest:45 - Login successful
2026-01-07 12:44:10 INFO  BaseTest:270 - Add to Cart Test Start
2026-01-07 12:44:10 INFO  BaseTest:271 - Adding Items to Cart
2026-01-07 12:44:16 INFO  BaseTest:273 - Navigating to Cart Page
2026-01-07 12:44:18 INFO  BaseTest:275 - CheckOut with Ronak Yadav 401209
2026-01-07 12:44:28 INFO  BaseTest:277 - Verifying if the price is 103.65 or not.
2026-01-07 12:44:32 INFO  BaseTest:280 - Add to Cart test Ended
2026-01-07 12:44:36 INFO  BaseTest:57 - Login TestCases ended
2026-01-07 12:44:36 INFO  BaseTest:36 - Login TestCases started
2026-01-07 12:44:40 INFO  BaseTest:39 - Entered credentials
2026-01-07 12:44:42 INFO  BaseTest:42 - Verify login
2026-01-07 12:44:42 INFO  BaseTest:45 - Login successful
2026-01-07 12:44:42 INFO  BaseTest:270 - Add to Cart Test Start
2026-01-07 12:44:42 INFO  BaseTest:271 - Adding Items to Cart
2026-01-07 12:44:49 INFO  BaseTest:273 - Navigating to Cart Page
2026-01-07 12:44:51 INFO  BaseTest:275 - CheckOut with Demo Demo Last Name 401210
2026-01-07 12:45:01 INFO  BaseTest:277 - Verifying if the price is 103.65 or not.
2026-01-07 12:45:05 INFO  BaseTest:280 - Add to Cart test Ended
2026-01-07 12:45:09 INFO  BaseTest:57 - Login TestCases ended
2026-01-07 12:45:09 INFO  BaseTest:68 - Closing browser
