2026-01-07 14:20:07 INFO  BaseTest:82 - Log4j initialized for this run: 2026_01_07_14-20-07
2026-01-07 14:20:07 INFO  BaseTest:56 - Browser initialize
2026-01-07 14:20:14 INFO  BaseTest:36 - Login TestCases started
2026-01-07 14:20:18 INFO  BaseTest:39 - Entered credentials
2026-01-07 14:20:25 INFO  BaseTest:42 - Verify login
2026-01-07 14:20:25 INFO  BaseTest:45 - Login successful
2026-01-07 14:20:25 INFO  BaseTest:270 - Add to Cart Test Start
2026-01-07 14:20:25 INFO  BaseTest:271 - Adding Items to Cart
2026-01-07 14:20:32 INFO  BaseTest:273 - Navigating to Cart Page
2026-01-07 14:20:34 INFO  BaseTest:275 - CheckOut with Ronak Yadav 401209
2026-01-07 14:20:44 INFO  BaseTest:277 - Verifying if the price is 103.65 or not.
2026-01-07 14:20:53 INFO  BaseTest:280 - Add to Cart test Ended
2026-01-07 14:20:57 INFO  BaseTest:57 - Login TestCases ended
2026-01-07 14:20:57 INFO  BaseTest:36 - Login TestCases started
2026-01-07 14:21:01 INFO  BaseTest:39 - Entered credentials
2026-01-07 14:21:08 INFO  BaseTest:42 - Verify login
2026-01-07 14:21:08 INFO  BaseTest:45 - Login successful
2026-01-07 14:21:08 INFO  BaseTest:270 - Add to Cart Test Start
2026-01-07 14:21:08 INFO  BaseTest:271 - Adding Items to Cart
2026-01-07 14:21:14 INFO  BaseTest:273 - Navigating to Cart Page
2026-01-07 14:21:16 INFO  BaseTest:275 - CheckOut with Demo Demo Last Name 401210
2026-01-07 14:21:26 INFO  BaseTest:277 - Verifying if the price is 103.65 or not.
2026-01-07 14:21:36 INFO  BaseTest:280 - Add to Cart test Ended
2026-01-07 14:21:40 INFO  BaseTest:57 - Login TestCases ended
2026-01-07 14:21:40 INFO  BaseTest:68 - Closing browser
