2026-04-10 11:13:20 INFO  BaseTest:92 - Log4j initialized for this run: 2026_04_10_11-13-20
2026-04-10 11:13:20 INFO  BaseTest:64 - Browser initialize
2026-04-10 11:13:34 INFO  BaseTest:39 - Logging into website using standard_user and secret_sauce
2026-04-10 11:13:40 INFO  BaseTest:22 - Filter Test Case Started
2026-04-10 11:13:40 INFO  BaseTest:23 - Selecting Option
2026-04-10 11:13:42 INFO  BaseTest:25 - Checking if the Filter is Applied or not
2026-04-10 11:13:42 INFO  BaseTest:27 - Filter is Applied
2026-04-10 11:13:42 INFO  BaseTest:32 - Filter Test Case Finished
2026-04-10 11:13:42 INFO  BaseTest:38 - Hover Test Case Started
2026-04-10 11:13:46 INFO  BaseTest:40 - Hover Test Case Finished
2026-04-10 11:13:46 INFO  BaseTest:312 - Add to Cart Test Start
2026-04-10 11:13:46 INFO  BaseTest:313 - Adding Items to Cart
2026-04-10 11:13:46 INFO  BaseTest:32 - Element Clicked
2026-04-10 11:13:49 INFO  BaseTest:32 - Element Clicked
2026-04-10 11:13:51 INFO  BaseTest:32 - Element Clicked
2026-04-10 11:13:53 INFO  BaseTest:315 - Navigating to Cart Page
2026-04-10 11:13:55 INFO  BaseTest:317 - CheckOut with Demo Demo last Name 401209
2026-04-10 11:14:05 INFO  BaseTest:319 - Verifying if the price is 103.65 or not.
2026-04-10 11:14:09 INFO  BaseTest:322 - Add to Cart test Ended
2026-04-10 11:14:09 INFO  BaseTest:78 - Closing browser
