2026-01-07 12:45:47 INFO  BaseTest:82 - Log4j initialized for this run: 2026_01_07_12-45-47
2026-01-07 12:45:47 INFO  BaseTest:56 - Browser initialize
2026-01-07 12:45:54 INFO  BaseTest:36 - Login TestCases started
2026-01-07 12:45:58 INFO  BaseTest:39 - Entered credentials
2026-01-07 12:46:05 INFO  BaseTest:42 - Verify login
2026-01-07 12:46:05 INFO  BaseTest:45 - Login successful
2026-01-07 12:46:05 INFO  BaseTest:270 - Add to Cart Test Start
2026-01-07 12:46:05 INFO  BaseTest:271 - Adding Items to Cart
2026-01-07 12:46:11 INFO  BaseTest:273 - Navigating to Cart Page
2026-01-07 12:46:13 INFO  BaseTest:275 - CheckOut with Ronak Yadav 401209
2026-01-07 12:46:23 INFO  BaseTest:277 - Verifying if the price is 103.65 or not.
2026-01-07 12:46:32 INFO  BaseTest:280 - Add to Cart test Ended
2026-01-07 12:46:36 INFO  BaseTest:57 - Login TestCases ended
2026-01-07 12:46:36 INFO  BaseTest:36 - Login TestCases started
2026-01-07 12:46:40 INFO  BaseTest:39 - Entered credentials
2026-01-07 12:46:47 INFO  BaseTest:42 - Verify login
2026-01-07 12:46:47 INFO  BaseTest:45 - Login successful
2026-01-07 12:46:47 INFO  BaseTest:270 - Add to Cart Test Start
2026-01-07 12:46:47 INFO  BaseTest:271 - Adding Items to Cart
2026-01-07 12:46:54 INFO  BaseTest:273 - Navigating to Cart Page
2026-01-07 12:46:56 INFO  BaseTest:275 - CheckOut with Demo Demo Last Name 401210
2026-01-07 12:47:06 INFO  BaseTest:277 - Verifying if the price is 103.65 or not.
2026-01-07 12:47:15 INFO  BaseTest:280 - Add to Cart test Ended
2026-01-07 12:47:19 INFO  BaseTest:57 - Login TestCases ended
2026-01-07 12:47:19 INFO  BaseTest:68 - Closing browser
